// Jest Snapshot v1, https://goo.gl/fbAQLP

exports[`AboutPage renders correctly 1`] = `
<div
  className="contentWrapper"
>
  <WithStyles(ForwardRef(Typography))
    variant="h2"
  >
    About Me
  </WithStyles(ForwardRef(Typography))>
  <WithStyles(ForwardRef(Typography))
    variant="body1"
  >
    Work in progress...
  </WithStyles(ForwardRef(Typography))>
</div>
`;
